Archive member included because of file (symbol)

/home/romar/workspace/arlogging/Debug/libarlogging.a(arlogging.o)
                              ./logs.o (_ZN9arlogging7Logging9AppendLogESsi)
/home/romar/ti-ezsdk_dm816x-evm_5_05_01_04/linux-devkit/arm-none-linux-gnueabi/usr/lib/./libc_nonshared.a(elf-init.oS)
                              /home/romar/CodeSourcery/Sourcery_G++_Lite/bin/../arm-none-linux-gnueabi/libc/usr/lib/crt1.o (__libc_csu_fini)

Discarded input sections

 .note.GNU-stack
                0x00000000        0x0 /home/romar/CodeSourcery/Sourcery_G++_Lite/bin/../arm-none-linux-gnueabi/libc/usr/lib/crt1.o
 .note.GNU-stack
                0x00000000        0x0 /home/romar/CodeSourcery/Sourcery_G++_Lite/bin/../arm-none-linux-gnueabi/libc/usr/lib/crti.o
 .note.GNU-stack
                0x00000000        0x0 /home/romar/CodeSourcery/Sourcery_G++_Lite/bin/../lib/gcc/arm-none-linux-gnueabi/4.3.3/crtbegin.o
 .group         0x00000000        0x0 ./ff_writer_engine.o
 .group         0x00000000        0x0 ./ff_writer_engine.o
 .group         0x00000000        0x0 ./ff_writer_engine.o
 .group         0x00000000        0x0 ./ff_writer_engine.o
 .group         0x00000000        0x0 ./ff_writer_engine.o
 .group         0x00000000        0x0 ./ff_writer_engine.o
 .group         0x00000000        0x0 ./ff_writer_engine.o
 .group         0x00000000        0x0 ./ff_writer_engine.o
 .group         0x00000000        0x0 ./ff_writer_engine.o
 .group         0x00000000        0x0 ./ff_writer_engine.o
 .group         0x00000000        0x0 ./ff_writer_engine.o
 .group         0x00000000        0x0 ./ff_writer_engine.o
 .group         0x00000000        0x0 ./ff_writer_engine.o
 .group         0x00000000        0x0 ./ff_writer_engine.o
 .group         0x00000000        0x0 ./ff_writer_engine.o
 .group         0x00000000        0x0 ./ff_writer_engine.o
 .group         0x00000000        0x0 ./ff_writer_engine.o
 .group         0x00000000        0x0 ./ff_writer_engine.o
 .note.GNU-stack
                0x00000000        0x0 ./ff_writer_engine.o
 .note.GNU-stack
                0x00000000        0x0 ./ffmpeg_pipeline.o
 .group         0x00000000        0x0 ./logs.o
 .note.GNU-stack
                0x00000000        0x0 ./logs.o
 .note.GNU-stack
                0x00000000        0x0 ./main.o
 .note.GNU-stack
                0x00000000        0x0 ./vars.o
 .group         0x00000000        0x0 /home/romar/workspace/arlogging/Debug/libarlogging.a(arlogging.o)
 .group         0x00000000        0x0 /home/romar/workspace/arlogging/Debug/libarlogging.a(arlogging.o)
 .group         0x00000000        0x0 /home/romar/workspace/arlogging/Debug/libarlogging.a(arlogging.o)
 .group         0x00000000        0x0 /home/romar/workspace/arlogging/Debug/libarlogging.a(arlogging.o)
 .text._ZStplIcSt11char_traitsIcESaIcEESbIT_T0_T1_ERKS6_S8_
                0x00000000        0x0 /home/romar/workspace/arlogging/Debug/libarlogging.a(arlogging.o)
 .ARM.extab.text._ZStplIcSt11char_traitsIcESaIcEESbIT_T0_T1_ERKS6_S8_
                0x00000000        0x0 /home/romar/workspace/arlogging/Debug/libarlogging.a(arlogging.o)
 .ARM.exidx.text._ZStplIcSt11char_traitsIcESaIcEESbIT_T0_T1_ERKS6_S8_
                0x00000000        0x0 /home/romar/workspace/arlogging/Debug/libarlogging.a(arlogging.o)
 .note.GNU-stack
                0x00000000        0x0 /home/romar/workspace/arlogging/Debug/libarlogging.a(arlogging.o)
 .note.GNU-stack
                0x00000000        0x0 /home/romar/ti-ezsdk_dm816x-evm_5_05_01_04/linux-devkit/arm-none-linux-gnueabi/usr/lib/./libc_nonshared.a(elf-init.oS)
 .note.GNU-stack
                0x00000000        0x0 /home/romar/CodeSourcery/Sourcery_G++_Lite/bin/../lib/gcc/arm-none-linux-gnueabi/4.3.3/crtend.o
 .note.GNU-stack
                0x00000000        0x0 /home/romar/CodeSourcery/Sourcery_G++_Lite/bin/../arm-none-linux-gnueabi/libc/usr/lib/crtn.o

Memory Configuration

Name             Origin             Length             Attributes
*default*        0x00000000         0xffffffff

Linker script and memory map

LOAD /home/romar/CodeSourcery/Sourcery_G++_Lite/bin/../arm-none-linux-gnueabi/libc/usr/lib/crt1.o
LOAD /home/romar/CodeSourcery/Sourcery_G++_Lite/bin/../arm-none-linux-gnueabi/libc/usr/lib/crti.o
LOAD /home/romar/CodeSourcery/Sourcery_G++_Lite/bin/../lib/gcc/arm-none-linux-gnueabi/4.3.3/crtbegin.o
LOAD ./ff_writer_engine.o
LOAD ./ffmpeg_pipeline.o
LOAD ./logs.o
LOAD ./main.o
LOAD ./vars.o
LOAD /home/romar/workspace/arlogging/Debug/libarlogging.a
LOAD /home/romar/workspace/libs/ffmpeg-2.4-arm/lib/libswresample.so
LOAD /home/romar/workspace/libs/ffmpeg-2.4-arm/lib/libavcodec.so
LOAD /home/romar/workspace/libs/ffmpeg-2.4-arm/lib/libavutil.so
LOAD /home/romar/workspace/libs/ffmpeg-2.4-arm/lib/libavformat.so
LOAD /home/romar/ti-ezsdk_dm816x-evm_5_05_01_04/linux-devkit/arm-none-linux-gnueabi/usr/lib/libpthread.so
START GROUP
LOAD /home/romar/ti-ezsdk_dm816x-evm_5_05_01_04/linux-devkit/arm-none-linux-gnueabi/usr/lib/../../lib/libpthread.so.0
LOAD /home/romar/ti-ezsdk_dm816x-evm_5_05_01_04/linux-devkit/arm-none-linux-gnueabi/usr/lib/./libpthread_nonshared.a
END GROUP
LOAD /home/romar/ti-ezsdk_dm816x-evm_5_05_01_04/linux-devkit/arm-none-linux-gnueabi/usr/lib/libglib-2.0.so
LOAD /home/romar/ti-ezsdk_dm816x-evm_5_05_01_04/linux-devkit/arm-none-linux-gnueabi/usr/lib/libstdc++.so
LOAD /home/romar/ti-ezsdk_dm816x-evm_5_05_01_04/linux-devkit/arm-none-linux-gnueabi/usr/lib/libm.so
LOAD /home/romar/CodeSourcery/Sourcery_G++_Lite/bin/../arm-none-linux-gnueabi/libc/lib/libgcc_s.so
LOAD /home/romar/CodeSourcery/Sourcery_G++_Lite/bin/../lib/gcc/arm-none-linux-gnueabi/4.3.3/libgcc.a
LOAD /home/romar/ti-ezsdk_dm816x-evm_5_05_01_04/linux-devkit/arm-none-linux-gnueabi/usr/lib/libc.so
START GROUP
LOAD /home/romar/ti-ezsdk_dm816x-evm_5_05_01_04/linux-devkit/arm-none-linux-gnueabi/usr/lib/../../lib/libc.so.6
LOAD /home/romar/ti-ezsdk_dm816x-evm_5_05_01_04/linux-devkit/arm-none-linux-gnueabi/usr/lib/./libc_nonshared.a
LOAD /home/romar/ti-ezsdk_dm816x-evm_5_05_01_04/linux-devkit/arm-none-linux-gnueabi/usr/lib/../../lib/ld-linux.so.3
END GROUP
LOAD /home/romar/CodeSourcery/Sourcery_G++_Lite/bin/../arm-none-linux-gnueabi/libc/lib/libgcc_s.so
LOAD /home/romar/CodeSourcery/Sourcery_G++_Lite/bin/../lib/gcc/arm-none-linux-gnueabi/4.3.3/libgcc.a
LOAD /home/romar/CodeSourcery/Sourcery_G++_Lite/bin/../lib/gcc/arm-none-linux-gnueabi/4.3.3/crtend.o
LOAD /home/romar/CodeSourcery/Sourcery_G++_Lite/bin/../arm-none-linux-gnueabi/libc/usr/lib/crtn.o
                0x00008000                PROVIDE (__executable_start, 0x8000)
                0x00008134                . = (0x8000 + SIZEOF_HEADERS)

.interp         0x00008134       0x13
 *(.interp)
 .interp        0x00008134       0x13 /home/romar/CodeSourcery/Sourcery_G++_Lite/bin/../arm-none-linux-gnueabi/libc/usr/lib/crti.o

.note.ABI-tag   0x00008148       0x20
 .note.ABI-tag  0x00008148       0x20 /home/romar/CodeSourcery/Sourcery_G++_Lite/bin/../arm-none-linux-gnueabi/libc/usr/lib/crt1.o

.note.gnu.build-id
 *(.note.gnu.build-id)

.hash           0x00008168      0x294
 *(.hash)
 .hash          0x00008168      0x294 /home/romar/CodeSourcery/Sourcery_G++_Lite/bin/../arm-none-linux-gnueabi/libc/usr/lib/crti.o

.gnu.hash
 *(.gnu.hash)

.dynsym         0x000083fc      0x600
 *(.dynsym)
 .dynsym        0x000083fc      0x600 /home/romar/CodeSourcery/Sourcery_G++_Lite/bin/../arm-none-linux-gnueabi/libc/usr/lib/crti.o

.dynstr         0x000089fc      0x91d
 *(.dynstr)
 .dynstr        0x000089fc      0x91d /home/romar/CodeSourcery/Sourcery_G++_Lite/bin/../arm-none-linux-gnueabi/libc/usr/lib/crti.o

.gnu.version    0x0000931a       0xc0
 *(.gnu.version)
 .gnu.version   0x0000931a       0xc0 /home/romar/CodeSourcery/Sourcery_G++_Lite/bin/../arm-none-linux-gnueabi/libc/usr/lib/crti.o

.gnu.version_d  0x000093dc        0x0 load address 0x000093da
 *(.gnu.version_d)
 .gnu.version_d
                0x00000000        0x0 /home/romar/CodeSourcery/Sourcery_G++_Lite/bin/../arm-none-linux-gnueabi/libc/usr/lib/crti.o

.gnu.version_r  0x000093dc       0xf0
 *(.gnu.version_r)
 .gnu.version_r
                0x000093dc       0xf0 /home/romar/CodeSourcery/Sourcery_G++_Lite/bin/../arm-none-linux-gnueabi/libc/usr/lib/crti.o

.rel.dyn        0x000094cc        0x8
 *(.rel.init)
 *(.rel.text .rel.text.* .rel.gnu.linkonce.t.*)
 *(.rel.fini)
 *(.rel.rodata .rel.rodata.* .rel.gnu.linkonce.r.*)
 *(.rel.data.rel.ro* .rel.gnu.linkonce.d.rel.ro.*)
 *(.rel.data .rel.data.* .rel.gnu.linkonce.d.*)
 *(.rel.tdata .rel.tdata.* .rel.gnu.linkonce.td.*)
 *(.rel.tbss .rel.tbss.* .rel.gnu.linkonce.tb.*)
 *(.rel.ctors)
 *(.rel.dtors)
 *(.rel.got)
 .rel.got       0x000094cc        0x8 /home/romar/CodeSourcery/Sourcery_G++_Lite/bin/../arm-none-linux-gnueabi/libc/usr/lib/crti.o
 *(.rel.bss .rel.bss.* .rel.gnu.linkonce.b.*)
 .rel.bss       0x00000000        0x0 /home/romar/CodeSourcery/Sourcery_G++_Lite/bin/../arm-none-linux-gnueabi/libc/usr/lib/crti.o

.rel.ifunc.dyn
 *(.rel.ifunc.*)

.rela.dyn
 *(.rela.init)
 *(.rela.text .rela.text.* .rela.gnu.linkonce.t.*)
 *(.rela.fini)
 *(.rela.rodata .rela.rodata.* .rela.gnu.linkonce.r.*)
 *(.rela.data .rela.data.* .rela.gnu.linkonce.d.*)
 *(.rela.tdata .rela.tdata.* .rela.gnu.linkonce.td.*)
 *(.rela.tbss .rela.tbss.* .rela.gnu.linkonce.tb.*)
 *(.rela.ctors)
 *(.rela.dtors)
 *(.rela.got)
 *(.rela.bss .rela.bss.* .rela.gnu.linkonce.b.*)

.rela.ifunc.dyn
 *(.rela.ifunc.*)

.rel.plt        0x000094d4      0x2d0
 *(.rel.plt)
 .rel.plt       0x000094d4      0x2d0 /home/romar/CodeSourcery/Sourcery_G++_Lite/bin/../arm-none-linux-gnueabi/libc/usr/lib/crti.o

.rela.plt
 *(.rela.plt)

.init           0x000097a4        0xc
 *(.init)
 .init          0x000097a4        0x8 /home/romar/CodeSourcery/Sourcery_G++_Lite/bin/../arm-none-linux-gnueabi/libc/usr/lib/crti.o
                0x000097a4                _init
 .init          0x000097ac        0x4 /home/romar/CodeSourcery/Sourcery_G++_Lite/bin/../arm-none-linux-gnueabi/libc/usr/lib/crtn.o

.plt            0x000097b0      0x44c
 *(.plt)
 .plt           0x000097b0      0x44c /home/romar/CodeSourcery/Sourcery_G++_Lite/bin/../arm-none-linux-gnueabi/libc/usr/lib/crti.o
                0x000097c4                av_read_frame@@LIBAVFORMAT_56
                0x000097d0                av_free@@LIBAVUTIL_54
                0x000097dc                _ZNSsC1Ev@@GLIBCXX_3.4
                0x000097e8                av_dict_set@@LIBAVUTIL_54
                0x000097f4                av_free_packet@@LIBAVCODEC_56
                0x00009800                mkdir@@GLIBC_2.4
                0x0000980c                _ZNSt14basic_ifstreamIcSt11char_traitsIcEE5closeEv@@GLIBCXX_3.4
                0x00009818                localtime_r@@GLIBC_2.4
                0x00009824                abort@@GLIBC_2.4
                0x00009830                _ZNSo5writeEPKci@@GLIBCXX_3.4
                0x0000983c                avcodec_close@@LIBAVCODEC_56
                0x00009848                av_freep@@LIBAVUTIL_54
                0x00009854                _ZNKSt9basic_iosIcSt11char_traitsIcEEcvPvEv@@GLIBCXX_3.4
                0x00009860                __libc_start_main@@GLIBC_2.4
                0x0000986c                isdigit@@GLIBC_2.4
                0x00009878                _ZSt7getlineIcSt11char_traitsIcESaIcEERSt13basic_istreamIT_T0_ES7_RSbIS4_S5_T1_E@@GLIBCXX_3.4
                0x00009884                _ZNSs6assignEPKc@@GLIBCXX_3.4
                0x0000989c                _ZNKSs5c_strEv@@GLIBCXX_3.4
                0x000098a8                _ZdlPv@@GLIBCXX_3.4
                0x000098b4                avio_open@@LIBAVFORMAT_56
                0x000098c0                av_rescale_q@@LIBAVUTIL_54
                0x000098cc                _ZNKSs4sizeEv@@GLIBCXX_3.4
                0x000098d8                _ZNSt8ios_base4InitC1Ev@@GLIBCXX_3.4
                0x000098e4                get_current_dir_name@@GLIBC_2.4
                0x000098f0                avformat_find_stream_info@@LIBAVFORMAT_56
                0x000098fc                _ZNSsC1ERKSs@@GLIBCXX_3.4
                0x00009908                av_interleaved_write_frame@@LIBAVFORMAT_56
                0x00009914                _ZNKSs6lengthEv@@GLIBCXX_3.4
                0x00009920                avformat_new_stream@@LIBAVFORMAT_56
                0x0000992c                g_main_loop_new
                0x00009938                _ZNSt8ios_base4InitD1Ev@@GLIBCXX_3.4
                0x00009944                _ZNKSs4findEPKcj@@GLIBCXX_3.4
                0x00009950                avio_close@@LIBAVFORMAT_56
                0x0000995c                _ZNSsD1Ev@@GLIBCXX_3.4
                0x00009968                free@@GLIBC_2.4
                0x00009974                av_register_all@@LIBAVFORMAT_56
                0x00009980                av_log_set_level@@LIBAVUTIL_54
                0x0000998c                gettimeofday@@GLIBC_2.4
                0x00009998                av_dict_free@@LIBAVUTIL_54
                0x000099a4                avformat_open_input@@LIBAVFORMAT_56
                0x000099b0                pthread_mutex_unlock@@GLIBC_2.4
                0x000099bc                av_write_trailer@@LIBAVFORMAT_56
                0x000099c8                avformat_write_header@@LIBAVFORMAT_56
                0x000099d4                _ZNSs3endEv@@GLIBCXX_3.4
                0x000099e0                pthread_mutex_lock@@GLIBC_2.4
                0x000099ec                strlen@@GLIBC_2.4
                0x000099f8                _ZNSt14basic_ifstreamIcSt11char_traitsIcEEC1Ev@@GLIBCXX_3.4
                0x00009a04                pthread_create@@GLIBC_2.4
                0x00009a10                memcpy@@GLIBC_2.4
                0x00009a1c                avformat_network_init@@LIBAVFORMAT_56
                0x00009a28                av_strerror@@LIBAVUTIL_54
                0x00009a34                _ZNSsC1EPKcRKSaIcE@@GLIBCXX_3.4
                0x00009a40                _ZNSt14basic_ifstreamIcSt11char_traitsIcEED1Ev@@GLIBCXX_3.4
                0x00009a4c                _ZNSt14basic_ofstreamIcSt11char_traitsIcEED1Ev@@GLIBCXX_3.4
                0x00009a58                printf@@GLIBC_2.4
                0x00009a64                _ZNSt14basic_ofstreamIcSt11char_traitsIcEE5closeEv@@GLIBCXX_3.4
                0x00009a70                _Znwj@@GLIBCXX_3.4
                0x00009a7c                _ZNSt19basic_istringstreamIcSt11char_traitsIcESaIcEED1Ev@@GLIBCXX_3.4
                0x00009a88                avformat_alloc_output_context2@@LIBAVFORMAT_56
                0x00009a94                time@@GLIBC_2.4
                0x00009aa0                _ZNSt14basic_ifstreamIcSt11char_traitsIcEE4openEPKcSt13_Ios_Openmode@@GLIBCXX_3.4
                0x00009aac                _ZNSt14basic_ofstreamIcSt11char_traitsIcEE4openEPKcSt13_Ios_Openmode@@GLIBCXX_3.4
                0x00009ab8                _ZNSaIcED1Ev@@GLIBCXX_3.4
                0x00009ac4                _ZNSirsERi@@GLIBCXX_3.4
                0x00009ad0                __aeabi_atexit@@CXXABI_ARM_1.3.3
                0x00009adc                _ZNSs6appendEPKc@@GLIBCXX_3.4
                0x00009ae8                _ZNSt14basic_ofstreamIcSt11char_traitsIcEE7is_openEv@@GLIBCXX_3.4
                0x00009af4                _ZNSs5eraseEN9__gnu_cxx17__normal_iteratorIPcSsEES2_@@GLIBCXX_3.4
                0x00009b00                puts@@GLIBC_2.4
                0x00009b0c                strftime@@GLIBC_2.4
                0x00009b18                getpid@@GLIBC_2.4
                0x00009b24                _ZNSt19basic_istringstreamIcSt11char_traitsIcESaIcEEC1ERKSsSt13_Ios_Openmode@@GLIBCXX_3.4
                0x00009b30                bzero@@GLIBC_2.4
                0x00009b3c                _ZNSt14basic_ofstreamIcSt11char_traitsIcEEC1Ev@@GLIBCXX_3.4
                0x00009b48                __aeabi_idiv@@GCC_3.5
                0x00009b54                g_timeout_add_seconds_full
                0x00009b60                _ZNSs6appendEPKcj@@GLIBCXX_3.4
                0x00009b6c                avcodec_register_all@@LIBAVCODEC_56
                0x00009b78                avformat_close_input@@LIBAVFORMAT_56
                0x00009b84                _ZNSaIcEC1Ev@@GLIBCXX_3.4
                0x00009b90                pthread_detach@@GLIBC_2.4
                0x00009b9c                _ZNSs5beginEv@@GLIBCXX_3.4
                0x00009ba8                g_main_loop_run
                0x00009bb4                _ZNSsaSERKSs@@GLIBCXX_3.4
                0x00009bc0                _ZNSs6appendERKSs@@GLIBCXX_3.4
                0x00009bcc                avcodec_copy_context@@LIBAVCODEC_56
                0x00009bd8                _ZNSt14basic_ifstreamIcSt11char_traitsIcEE7is_openEv@@GLIBCXX_3.4
                0x00009be4                sprintf@@GLIBC_2.4
                0x00009bf0                _ZNSs7reserveEj@@GLIBCXX_3.4

.text           0x00009c00     0x39ec
 *(.text .stub .text.* .gnu.linkonce.t.*)
 .text          0x00009c00       0x38 /home/romar/CodeSourcery/Sourcery_G++_Lite/bin/../arm-none-linux-gnueabi/libc/usr/lib/crt1.o
                0x00009c00                _start
 .text          0x00009c38       0x24 /home/romar/CodeSourcery/Sourcery_G++_Lite/bin/../arm-none-linux-gnueabi/libc/usr/lib/crti.o
 .text          0x00009c5c       0x4c /home/romar/CodeSourcery/Sourcery_G++_Lite/bin/../lib/gcc/arm-none-linux-gnueabi/4.3.3/crtbegin.o
 .text          0x00009ca8      0xc28 ./ff_writer_engine.o
                0x0000a060                _ZN14FfWriterEngine10FfmpegInitEv
                0x0000a0b4                _ZN14FfWriterEngine14IsNowRecordingEv
                0x0000a384                _ZN14FfWriterEngine23SetAllChannelsToStoppedEb
                0x0000a5b0                _ZN14FfWriterEngine8ContinueEv
                0x0000a178                _ZN14FfWriterEngine9IsNowDownEv
                0x00009d04                _ZN14FfWriterEngine21SaveMemoryConsumptionEi
                0x0000a100                _ZN14FfWriterEngine19IsNowRecordingToStrEv
                0x0000a750                _ZN14FfWriterEngineC1Ev
                0x0000a084                _ZN14FfWriterEngine11GetRecStateEh
                0x0000a3d8                _ZN14FfWriterEngine26SetCurrentChannelToStoppedEb
                0x0000a304                _ZN14FfWriterEngine14StartRecordingEh
                0x0000a354                _ZN14FfWriterEngine11SetRecStateEh14RecordingState
                0x0000a034                _ZN14FfWriterEngine16AppendMemoryDataEv
                0x0000a810                _ZN14FfWriterEngineC2Ev
                0x00009e00                _ZN14FfWriterEngine20GetMemoryConsumptionEv
                0x0000a334                _ZN14FfWriterEngine13FirstStartRecEv
                0x0000a1cc                _ZN14FfWriterEngine13StopRecOnSlotEh
                0x00009d84                _ZN14FfWriterEngine19RemoveNonDigitCharsESs
 .text._ZNSt14unary_functionIiiEC2Ev
                0x0000a8d0       0x14 ./ff_writer_engine.o
                0x0000a8d0                _ZNSt14unary_functionIiiEC2Ev
 .text._ZNSt25pointer_to_unary_functionIiiEC1EPFiiE
                0x0000a8e4       0x24 ./ff_writer_engine.o
                0x0000a8e4                _ZNSt25pointer_to_unary_functionIiiEC1EPFiiE
 .text._ZSt7ptr_funIiiESt25pointer_to_unary_functionIT_T0_EPFS2_S1_E
                0x0000a908       0x20 ./ff_writer_engine.o
                0x0000a908                _ZSt7ptr_funIiiESt25pointer_to_unary_functionIT_T0_EPFS2_S1_E
 .text._ZNSt14unary_functionIibEC2Ev
                0x0000a928       0x14 ./ff_writer_engine.o
                0x0000a928                _ZNSt14unary_functionIibEC2Ev
 .text._ZNSt12unary_negateISt25pointer_to_unary_functionIiiEEC1ERKS1_
                0x0000a93c       0x24 ./ff_writer_engine.o
                0x0000a93c                _ZNSt12unary_negateISt25pointer_to_unary_functionIiiEEC1ERKS1_
 .text._ZSt4not1ISt25pointer_to_unary_functionIiiEESt12unary_negateIT_ERKS3_
                0x0000a960       0x20 ./ff_writer_engine.o
                0x0000a960                _ZSt4not1ISt25pointer_to_unary_functionIiiEESt12unary_negateIT_ERKS3_
 .text._ZN9__gnu_cxx17__normal_iteratorIPcSsEppEv
                0x0000a980       0x1c ./ff_writer_engine.o
                0x0000a980                _ZN9__gnu_cxx17__normal_iteratorIPcSsEppEv
 .text._ZNK9__gnu_cxx17__normal_iteratorIPcSsEdeEv
                0x0000a99c       0x14 ./ff_writer_engine.o
                0x0000a99c                _ZNK9__gnu_cxx17__normal_iteratorIPcSsEdeEv
 .text._ZSt19__iterator_categoryIN9__gnu_cxx17__normal_iteratorIPcSsEEENSt15iterator_traitsIT_E17iterator_categoryERKS5_
                0x0000a9b0       0x14 ./ff_writer_engine.o
                0x0000a9b0                _ZSt19__iterator_categoryIN9__gnu_cxx17__normal_iteratorIPcSsEEENSt15iterator_traitsIT_E17iterator_categoryERKS5_
 .text._ZNK9__gnu_cxx17__normal_iteratorIPcSsE4baseEv
                0x0000a9c4       0x14 ./ff_writer_engine.o
                0x0000a9c4                _ZNK9__gnu_cxx17__normal_iteratorIPcSsE4baseEv
 .text._ZN9__gnu_cxxmiIPcSsEENS_17__normal_iteratorIT_T0_E15difference_typeERKS5_S8_
                0x0000a9d8       0x30 ./ff_writer_engine.o
                0x0000a9d8                _ZN9__gnu_cxxmiIPcSsEENS_17__normal_iteratorIT_T0_E15difference_typeERKS5_S8_
 .text._ZN9__gnu_cxxeqIPcSsEEbRKNS_17__normal_iteratorIT_T0_EES7_
                0x0000aa08       0x38 ./ff_writer_engine.o
                0x0000aa08                _ZN9__gnu_cxxeqIPcSsEEbRKNS_17__normal_iteratorIT_T0_EES7_
 .text._ZN9__gnu_cxxneIPcSsEEbRKNS_17__normal_iteratorIT_T0_EES7_
                0x0000aa40       0x34 ./ff_writer_engine.o
                0x0000aa40                _ZN9__gnu_cxxneIPcSsEEbRKNS_17__normal_iteratorIT_T0_EES7_
 .text._ZNKSt25pointer_to_unary_functionIiiEclEi
                0x0000aa74       0x24 ./ff_writer_engine.o
                0x0000aa74                _ZNKSt25pointer_to_unary_functionIiiEclEi
 .text._ZNKSt12unary_negateISt25pointer_to_unary_functionIiiEEclERKi
                0x0000aa98       0x2c ./ff_writer_engine.o
                0x0000aa98                _ZNKSt12unary_negateISt25pointer_to_unary_functionIiiEEclERKi
 .text._ZSt9__find_ifIN9__gnu_cxx17__normal_iteratorIPcSsEESt12unary_negateISt25pointer_to_unary_functionIiiEEET_S8_S8_T0_St26random_access_iterator_tag
                0x0000aac4      0x204 ./ff_writer_engine.o
                0x0000aac4                _ZSt9__find_ifIN9__gnu_cxx17__normal_iteratorIPcSsEESt12unary_negateISt25pointer_to_unary_functionIiiEEET_S8_S8_T0_St26random_access_iterator_tag
 .text._ZSt7find_ifIN9__gnu_cxx17__normal_iteratorIPcSsEESt12unary_negateISt25pointer_to_unary_functionIiiEEET_S8_S8_T0_
                0x0000acc8       0x38 ./ff_writer_engine.o
                0x0000acc8                _ZSt7find_ifIN9__gnu_cxx17__normal_iteratorIPcSsEESt12unary_negateISt25pointer_to_unary_functionIiiEEET_S8_S8_T0_
 .text._ZSt9remove_ifIN9__gnu_cxx17__normal_iteratorIPcSsEESt12unary_negateISt25pointer_to_unary_functionIiiEEET_S8_S8_T0_
                0x0000ad00       0xd8 ./ff_writer_engine.o
                0x0000ad00                _ZSt9remove_ifIN9__gnu_cxx17__normal_iteratorIPcSsEESt12unary_negateISt25pointer_to_unary_functionIiiEEET_S8_S8_T0_
 .text          0x0000add8     0x1408 ./ffmpeg_pipeline.o
                0x0000ae50                _ZN10FfPipelineC1Eh
                0x0000af68                _ZN10FfPipeline11GetRecStateEv
                0x0000b304                _ZN10FfPipeline19ThInitiateRecordingEv
                0x0000aedc                _ZN10FfPipelineD1Ev
                0x0000aff0                _ZN10FfPipeline15RescalePtsDts24EP8AVPacketP8AVStreamS3_
                0x0000b4b4                _ZN10FfPipeline11SetNeedStopEv
                0x0000af08                _ZN10FfPipeline11SetRecStateE14RecordingState
                0x0000b0e0                _ZN10FfPipeline15WriteFrame_v242EP15AVFormatContextP8AVStreamP8AVPacketP24AVBitStreamFilterContext
                0x0000af20                _ZN10FfPipeline22SetWaitingKeyframeFlagEv
                0x0000c1c0                _ZN10FfPipeline11ThRecordingEPv
                0x0000add8                _ZN10FfPipelineC2Eh
                0x0000b52c                _ZN10FfPipeline16SetPartnerToStopEv
                0x0000af38                _ZN10FfPipeline24ClearWaitingKeyframeFlagEv
                0x0000b5c0                _ZN10FfPipeline13ClearNeedStopEv
                0x0000b638                _ZN10FfPipeline11DoRecordingEv
                0x0000b430                _ZN10FfPipeline10IsNeedStopEv
                0x0000aec8                _ZN10FfPipelineD2Ev
                0x0000af50                _ZN10FfPipeline17IsWaitingKeyframeEv
                0x0000aef0                _ZN10FfPipeline21SetPartnerPipePointerEPv
                0x0000b410                _ZN10FfPipeline5StartEv
                0x0000afd8                _ZN10FfPipeline26r_avformat_close_input_v24EPP15AVFormatContext
 .text          0x0000c1e0      0x360 ./logs.o
                0x0000c23c                _Z9AppendLogSsPKc
 .text._ZStplIcSt11char_traitsIcESaIcEESbIT_T0_T1_ERKS6_S8_
                0x0000c540       0x30 ./logs.o
                0x0000c540                _ZStplIcSt11char_traitsIcESaIcEESbIT_T0_T1_ERKS6_S8_
 .text          0x0000c570      0x230 ./main.o
                0x0000c6ac                main
 .text          0x0000c7a0       0x5c ./vars.o
 .text          0x0000c7fc      0xcd0 /home/romar/workspace/arlogging/Debug/libarlogging.a(arlogging.o)
                0x0000d1dc                _ZN9arlogging7LoggingC2ESsi
                0x0000cf3c                _ZN9arlogging7LoggingD1Ev
                0x0000c858                _ZN9arlogging7Logging4InitESsi
                0x0000d2dc                _ZN9arlogging7LoggingC1ESs
                0x0000c8d4                _ZN9arlogging7Logging26GetCurrDateTimeFixedLengthEPcj
                0x0000d3d4                _ZN9arlogging7LoggingC2ESs
                0x0000c95c                _ZN9arlogging7Logging9AppendLogESsi
                0x0000cb18                _ZN9arlogging7Logging10AppendDataESs
                0x0000cc64                _ZN9arlogging7Logging9AppendLogESs
                0x0000cf78                _ZN9arlogging7LoggingD2Ev
                0x0000d048                _ZN9arlogging7LoggingC2Ev
                0x0000d0dc                _ZN9arlogging7LoggingC1ESsi
                0x0000cdd8                _ZN9arlogging7Logging9AppendLogEv
                0x0000cfb4                _ZN9arlogging7LoggingC1Ev
 .text._ZStplIcSt11char_traitsIcESaIcEESbIT_T0_T1_ERKS6_PKS3_
                0x0000d4cc       0x30 /home/romar/workspace/arlogging/Debug/libarlogging.a(arlogging.o)
                0x0000d4cc                _ZStplIcSt11char_traitsIcESaIcEESbIT_T0_T1_ERKS6_PKS3_
 .text._ZNSt11char_traitsIcE6lengthEPKc
                0x0000d4fc       0x20 /home/romar/workspace/arlogging/Debug/libarlogging.a(arlogging.o)
                0x0000d4fc                _ZNSt11char_traitsIcE6lengthEPKc
 .text._ZStplIcSt11char_traitsIcESaIcEESbIT_T0_T1_EPKS3_RKS6_
                0x0000d51c       0x60 /home/romar/workspace/arlogging/Debug/libarlogging.a(arlogging.o)
                0x0000d51c                _ZStplIcSt11char_traitsIcESaIcEESbIT_T0_T1_EPKS3_RKS6_
 .text          0x0000d57c       0x70 /home/romar/ti-ezsdk_dm816x-evm_5_05_01_04/linux-devkit/arm-none-linux-gnueabi/usr/lib/./libc_nonshared.a(elf-init.oS)
                0x0000d57c                __libc_csu_fini
                0x0000d580                __libc_csu_init
 .text          0x0000d5ec        0x0 /home/romar/CodeSourcery/Sourcery_G++_Lite/bin/../lib/gcc/arm-none-linux-gnueabi/4.3.3/crtend.o
 .text          0x0000d5ec        0x0 /home/romar/CodeSourcery/Sourcery_G++_Lite/bin/../arm-none-linux-gnueabi/libc/usr/lib/crtn.o
 *(.gnu.warning)
 *(.glue_7t)
 .glue_7t       0x00000000        0x0 linker stubs
 *(.glue_7)
 .glue_7        0x00000000        0x0 linker stubs
 *(.vfp11_veneer)
 .vfp11_veneer  0x00000000        0x0 linker stubs
 *(.v4_bx)
 .v4_bx         0x00000000        0x0 linker stubs

.fini           0x0000d5ec        0x8
 *(.fini)
 .fini          0x0000d5ec        0x4 /home/romar/CodeSourcery/Sourcery_G++_Lite/bin/../arm-none-linux-gnueabi/libc/usr/lib/crti.o
                0x0000d5ec                _fini
 .fini          0x0000d5f0        0x4 /home/romar/CodeSourcery/Sourcery_G++_Lite/bin/../arm-none-linux-gnueabi/libc/usr/lib/crtn.o
                0x0000d5f4                PROVIDE (__etext, .)
                0x0000d5f4                PROVIDE (_etext, .)
                0x0000d5f4                PROVIDE (etext, .)

.rodata         0x0000d5f4      0x7c0
 *(.rodata .rodata.* .gnu.linkonce.r.*)
 .rodata.cst4   0x0000d5f4        0x4 /home/romar/CodeSourcery/Sourcery_G++_Lite/bin/../arm-none-linux-gnueabi/libc/usr/lib/crt1.o
                0x0000d5f4                _IO_stdin_used
 .rodata        0x0000d5f8      0x2b4 ./ff_writer_engine.o
 .rodata        0x0000d8ac      0x410 ./ffmpeg_pipeline.o
 .rodata        0x0000dcbc       0x7c ./logs.o
 .rodata        0x0000dd38       0x4c ./main.o
 .rodata        0x0000dd84       0x30 /home/romar/workspace/arlogging/Debug/libarlogging.a(arlogging.o)

.rodata1
 *(.rodata1)

.ARM.extab      0x0000ddb4      0x3d8
 *(.ARM.extab* .gnu.linkonce.armextab.*)
 .ARM.extab     0x0000ddb4        0x0 /home/romar/CodeSourcery/Sourcery_G++_Lite/bin/../arm-none-linux-gnueabi/libc/usr/lib/crt1.o
 .ARM.extab     0x0000ddb4        0x0 /home/romar/CodeSourcery/Sourcery_G++_Lite/bin/../arm-none-linux-gnueabi/libc/usr/lib/crti.o
 .ARM.extab     0x0000ddb4        0x0 /home/romar/CodeSourcery/Sourcery_G++_Lite/bin/../lib/gcc/arm-none-linux-gnueabi/4.3.3/crtbegin.o
 .ARM.extab.text._ZNSt14unary_functionIiiEC2Ev
                0x0000ddb4        0xc ./ff_writer_engine.o
 .ARM.extab.text._ZNSt25pointer_to_unary_functionIiiEC1EPFiiE
                0x0000ddc0        0xc ./ff_writer_engine.o
 .ARM.extab.text._ZSt7ptr_funIiiESt25pointer_to_unary_functionIT_T0_EPFS2_S1_E
                0x0000ddcc        0xc ./ff_writer_engine.o
 .ARM.extab.text._ZNSt14unary_functionIibEC2Ev
                0x0000ddd8        0xc ./ff_writer_engine.o
 .ARM.extab.text._ZNSt12unary_negateISt25pointer_to_unary_functionIiiEEC1ERKS1_
                0x0000dde4        0xc ./ff_writer_engine.o
 .ARM.extab.text._ZSt4not1ISt25pointer_to_unary_functionIiiEESt12unary_negateIT_ERKS3_
                0x0000ddf0        0xc ./ff_writer_engine.o
 .ARM.extab.text._ZN9__gnu_cxx17__normal_iteratorIPcSsEppEv
                0x0000ddfc        0xc ./ff_writer_engine.o
 .ARM.extab.text._ZNK9__gnu_cxx17__normal_iteratorIPcSsEdeEv
                0x0000de08        0xc ./ff_writer_engine.o
 .ARM.extab.text._ZSt19__iterator_categoryIN9__gnu_cxx17__normal_iteratorIPcSsEEENSt15iterator_traitsIT_E17iterator_categoryERKS5_
                0x0000de14        0xc ./ff_writer_engine.o
 .ARM.extab.text._ZNK9__gnu_cxx17__normal_iteratorIPcSsE4baseEv
                0x0000de20        0xc ./ff_writer_engine.o
 .ARM.extab.text._ZN9__gnu_cxxmiIPcSsEENS_17__normal_iteratorIT_T0_E15difference_typeERKS5_S8_
                0x0000de2c        0xc ./ff_writer_engine.o
 .ARM.extab.text._ZN9__gnu_cxxeqIPcSsEEbRKNS_17__normal_iteratorIT_T0_EES7_
                0x0000de38        0xc ./ff_writer_engine.o
 .ARM.extab.text._ZN9__gnu_cxxneIPcSsEEbRKNS_17__normal_iteratorIT_T0_EES7_
                0x0000de44        0xc ./ff_writer_engine.o
 .ARM.extab.text._ZNKSt25pointer_to_unary_functionIiiEclEi
                0x0000de50        0xc ./ff_writer_engine.o
 .ARM.extab.text._ZNKSt12unary_negateISt25pointer_to_unary_functionIiiEEclERKi
                0x0000de5c        0xc ./ff_writer_engine.o
 .ARM.extab.text._ZSt9__find_ifIN9__gnu_cxx17__normal_iteratorIPcSsEESt12unary_negateISt25pointer_to_unary_functionIiiEEET_S8_S8_T0_St26random_access_iterator_tag
                0x0000de68        0xc ./ff_writer_engine.o
 .ARM.extab.text._ZSt7find_ifIN9__gnu_cxx17__normal_iteratorIPcSsEESt12unary_negateISt25pointer_to_unary_functionIiiEEET_S8_S8_T0_
                0x0000de74        0xc ./ff_writer_engine.o
 .ARM.extab.text._ZSt9remove_ifIN9__gnu_cxx17__normal_iteratorIPcSsEESt12unary_negateISt25pointer_to_unary_functionIiiEEET_S8_S8_T0_
                0x0000de80        0xc ./ff_writer_engine.o
 .ARM.extab     0x0000de8c       0xd8 ./ff_writer_engine.o
 .ARM.extab     0x0000df64      0x108 ./ffmpeg_pipeline.o
 .ARM.extab     0x0000e06c       0x18 ./logs.o
 .ARM.extab.text._ZStplIcSt11char_traitsIcESaIcEESbIT_T0_T1_ERKS6_S8_
                0x0000e084        0xc ./logs.o
 .ARM.extab     0x0000e090       0x18 ./main.o
 .ARM.extab     0x0000e0a8        0xc ./vars.o
 .ARM.extab     0x0000e0b4       0xb4 /home/romar/workspace/arlogging/Debug/libarlogging.a(arlogging.o)
 .ARM.extab.text._ZStplIcSt11char_traitsIcESaIcEESbIT_T0_T1_ERKS6_PKS3_
                0x0000e168        0xc /home/romar/workspace/arlogging/Debug/libarlogging.a(arlogging.o)
 .ARM.extab.text._ZNSt11char_traitsIcE6lengthEPKc
                0x0000e174        0xc /home/romar/workspace/arlogging/Debug/libarlogging.a(arlogging.o)
 .ARM.extab.text._ZStplIcSt11char_traitsIcESaIcEESbIT_T0_T1_EPKS3_RKS6_
                0x0000e180        0xc /home/romar/workspace/arlogging/Debug/libarlogging.a(arlogging.o)
 .ARM.extab     0x0000e18c        0x0 /home/romar/ti-ezsdk_dm816x-evm_5_05_01_04/linux-devkit/arm-none-linux-gnueabi/usr/lib/./libc_nonshared.a(elf-init.oS)
 .ARM.extab.init
                0x0000e18c        0x0 /home/romar/CodeSourcery/Sourcery_G++_Lite/bin/../arm-none-linux-gnueabi/libc/usr/lib/crtn.o
 .ARM.extab.fini
                0x0000e18c        0x0 /home/romar/CodeSourcery/Sourcery_G++_Lite/bin/../arm-none-linux-gnueabi/libc/usr/lib/crtn.o
                0x0000e18c                __exidx_start = .

.ARM.exidx      0x0000e18c      0x320
 *(.ARM.exidx* .gnu.linkonce.armexidx.*)
 .ARM.exidx     0x0000e19c        0x0 /home/romar/CodeSourcery/Sourcery_G++_Lite/bin/../arm-none-linux-gnueabi/libc/usr/lib/crt1.o
                                  0x8 (size before relaxing)
 .ARM.exidx     0x0000e19c        0x8 /home/romar/CodeSourcery/Sourcery_G++_Lite/bin/../arm-none-linux-gnueabi/libc/usr/lib/crti.o
 .ARM.exidx     0x0000e1a4        0x8 /home/romar/CodeSourcery/Sourcery_G++_Lite/bin/../lib/gcc/arm-none-linux-gnueabi/4.3.3/crtbegin.o
                                 0x10 (size before relaxing)
 .ARM.exidx.text._ZNSt14unary_functionIiiEC2Ev
                0x0000e24c        0x8 ./ff_writer_engine.o
 .ARM.exidx.text._ZNSt25pointer_to_unary_functionIiiEC1EPFiiE
                0x0000e254        0x8 ./ff_writer_engine.o
 .ARM.exidx.text._ZSt7ptr_funIiiESt25pointer_to_unary_functionIT_T0_EPFS2_S1_E
                0x0000e25c        0x8 ./ff_writer_engine.o
 .ARM.exidx.text._ZNSt14unary_functionIibEC2Ev
                0x0000e264        0x8 ./ff_writer_engine.o
 .ARM.exidx.text._ZNSt12unary_negateISt25pointer_to_unary_functionIiiEEC1ERKS1_
                0x0000e26c        0x8 ./ff_writer_engine.o
 .ARM.exidx.text._ZSt4not1ISt25pointer_to_unary_functionIiiEESt12unary_negateIT_ERKS3_
                0x0000e274        0x8 ./ff_writer_engine.o
 .ARM.exidx.text._ZN9__gnu_cxx17__normal_iteratorIPcSsEppEv
                0x0000e27c        0x8 ./ff_writer_engine.o
 .ARM.exidx.text._ZNK9__gnu_cxx17__normal_iteratorIPcSsEdeEv
                0x0000e284        0x8 ./ff_writer_engine.o
 .ARM.exidx.text._ZSt19__iterator_categoryIN9__gnu_cxx17__normal_iteratorIPcSsEEENSt15iterator_traitsIT_E17iterator_categoryERKS5_
                0x0000e28c        0x8 ./ff_writer_engine.o
 .ARM.exidx.text._ZNK9__gnu_cxx17__normal_iteratorIPcSsE4baseEv
                0x0000e294        0x8 ./ff_writer_engine.o
 .ARM.exidx.text._ZN9__gnu_cxxmiIPcSsEENS_17__normal_iteratorIT_T0_E15difference_typeERKS5_S8_
                0x0000e29c        0x8 ./ff_writer_engine.o
 .ARM.exidx.text._ZN9__gnu_cxxeqIPcSsEEbRKNS_17__normal_iteratorIT_T0_EES7_
                0x0000e2a4        0x8 ./ff_writer_engine.o
 .ARM.exidx.text._ZN9__gnu_cxxneIPcSsEEbRKNS_17__normal_iteratorIT_T0_EES7_
                0x0000e2ac        0x8 ./ff_writer_engine.o
 .ARM.exidx.text._ZNKSt25pointer_to_unary_functionIiiEclEi
                0x0000e2b4        0x8 ./ff_writer_engine.o
 .ARM.exidx.text._ZNKSt12unary_negateISt25pointer_to_unary_functionIiiEEclERKi
                0x0000e2bc        0x8 ./ff_writer_engine.o
 .ARM.exidx.text._ZSt9__find_ifIN9__gnu_cxx17__normal_iteratorIPcSsEESt12unary_negateISt25pointer_to_unary_functionIiiEEET_S8_S8_T0_St26random_access_iterator_tag
                0x0000e2c4        0x8 ./ff_writer_engine.o
 .ARM.exidx.text._ZSt7find_ifIN9__gnu_cxx17__normal_iteratorIPcSsEESt12unary_negateISt25pointer_to_unary_functionIiiEEET_S8_S8_T0_
                0x0000e2cc        0x8 ./ff_writer_engine.o
 .ARM.exidx.text._ZSt9remove_ifIN9__gnu_cxx17__normal_iteratorIPcSsEESt12unary_negateISt25pointer_to_unary_functionIiiEEET_S8_S8_T0_
                0x0000e2d4        0x8 ./ff_writer_engine.o
 .ARM.exidx     0x0000e1ac       0xa0 ./ff_writer_engine.o
 .ARM.exidx     0x0000e2dc       0xc0 ./ffmpeg_pipeline.o
 .ARM.exidx     0x0000e39c       0x18 ./logs.o
 .ARM.exidx.text._ZStplIcSt11char_traitsIcESaIcEESbIT_T0_T1_ERKS6_S8_
                0x0000e3b4        0x8 ./logs.o
 .ARM.exidx     0x0000e3bc       0x20 ./main.o
 .ARM.exidx     0x0000e3dc       0x10 ./vars.o
 .ARM.exidx     0x0000e3ec       0x80 /home/romar/workspace/arlogging/Debug/libarlogging.a(arlogging.o)
 .ARM.exidx.text._ZStplIcSt11char_traitsIcESaIcEESbIT_T0_T1_ERKS6_PKS3_
                0x0000e46c        0x8 /home/romar/workspace/arlogging/Debug/libarlogging.a(arlogging.o)
 .ARM.exidx.text._ZNSt11char_traitsIcE6lengthEPKc
                0x0000e474        0x8 /home/romar/workspace/arlogging/Debug/libarlogging.a(arlogging.o)
 .ARM.exidx.text._ZStplIcSt11char_traitsIcESaIcEESbIT_T0_T1_EPKS3_RKS6_
                0x0000e47c        0x8 /home/romar/workspace/arlogging/Debug/libarlogging.a(arlogging.o)
 .ARM.exidx     0x0000e484       0x18 /home/romar/ti-ezsdk_dm816x-evm_5_05_01_04/linux-devkit/arm-none-linux-gnueabi/usr/lib/./libc_nonshared.a(elf-init.oS)
                                 0x10 (size before relaxing)
 .ARM.exidx.init
                0x0000e18c       0x10 /home/romar/CodeSourcery/Sourcery_G++_Lite/bin/../arm-none-linux-gnueabi/libc/usr/lib/crtn.o
                                  0x8 (size before relaxing)
 .ARM.exidx.fini
                0x0000e49c       0x10 /home/romar/CodeSourcery/Sourcery_G++_Lite/bin/../arm-none-linux-gnueabi/libc/usr/lib/crtn.o
                                  0x8 (size before relaxing)
                0x0000e4ac                __exidx_end = .

.eh_frame_hdr
 *(.eh_frame_hdr)

.eh_frame       0x0000e4ac        0x4
 *(.eh_frame)
 .eh_frame      0x0000e4ac        0x4 /home/romar/CodeSourcery/Sourcery_G++_Lite/bin/../lib/gcc/arm-none-linux-gnueabi/4.3.3/crtend.o

.gcc_except_table
 *(.gcc_except_table .gcc_except_table.*)
                0x0000e4b0                . = (ALIGN (0x8000) - ((0x8000 - .) & 0x7fff))
                0x000164b0                . = (0x8000 DATA_SEGMENT_ALIGN 0x1000)

.eh_frame
 *(.eh_frame)

.gcc_except_table
 *(.gcc_except_table .gcc_except_table.*)

.tdata
 *(.tdata .tdata.* .gnu.linkonce.td.*)

.tbss
 *(.tbss .tbss.* .gnu.linkonce.tb.*)
 *(.tcommon)

.preinit_array  0x000164b0        0x0
                0x000164b0                PROVIDE (__preinit_array_start, .)
 *(.preinit_array)
                0x000164b0                PROVIDE (__preinit_array_end, .)

.init_array     0x000164b0       0x1c
                0x000164b0                PROVIDE (__init_array_start, .)
 *(SORT(.init_array.*))
 *(.init_array)
 .init_array    0x000164b0        0x4 /home/romar/CodeSourcery/Sourcery_G++_Lite/bin/../lib/gcc/arm-none-linux-gnueabi/4.3.3/crtbegin.o
 .init_array    0x000164b4        0x4 ./ff_writer_engine.o
 .init_array    0x000164b8        0x4 ./ffmpeg_pipeline.o
 .init_array    0x000164bc        0x4 ./logs.o
 .init_array    0x000164c0        0x4 ./main.o
 .init_array    0x000164c4        0x4 ./vars.o
 .init_array    0x000164c8        0x4 /home/romar/workspace/arlogging/Debug/libarlogging.a(arlogging.o)
                0x000164cc                PROVIDE (__init_array_end, .)

.fini_array     0x000164cc        0x4
                0x000164cc                PROVIDE (__fini_array_start, .)
 *(.fini_array)
 .fini_array    0x000164cc        0x4 /home/romar/CodeSourcery/Sourcery_G++_Lite/bin/../lib/gcc/arm-none-linux-gnueabi/4.3.3/crtbegin.o
 *(SORT(.fini_array.*))
                0x000164d0                PROVIDE (__fini_array_end, .)

.ctors
 *crtbegin.o(.ctors)
 *crtbegin?.o(.ctors)
 *(EXCLUDE_FILE(*crtend?.o *crtend.o) .ctors)
 *(SORT(.ctors.*))
 *(.ctors)

.dtors
 *crtbegin.o(.dtors)
 *crtbegin?.o(.dtors)
 *(EXCLUDE_FILE(*crtend?.o *crtend.o) .dtors)
 *(SORT(.dtors.*))
 *(.dtors)

.jcr            0x000164d0        0x4
 *(.jcr)
 .jcr           0x000164d0        0x0 /home/romar/CodeSourcery/Sourcery_G++_Lite/bin/../lib/gcc/arm-none-linux-gnueabi/4.3.3/crtbegin.o
 .jcr           0x000164d0        0x4 /home/romar/CodeSourcery/Sourcery_G++_Lite/bin/../lib/gcc/arm-none-linux-gnueabi/4.3.3/crtend.o

.data.rel.ro
 *(.data.rel.ro.local* .gnu.linkonce.d.rel.ro.local.*)
 *(.data.rel.ro* .gnu.linkonce.d.rel.ro.*)

.dynamic        0x000164d4      0x130
 *(.dynamic)
 .dynamic       0x000164d4      0x130 /home/romar/CodeSourcery/Sourcery_G++_Lite/bin/../arm-none-linux-gnueabi/libc/usr/lib/crti.o
                0x000164d4                _DYNAMIC
                0x00016604                . = (. DATA_SEGMENT_RELRO_END 0x0)

.got            0x00016604      0x178
 *(.got.plt)
 .got.plt       0x00016604      0x174 /home/romar/CodeSourcery/Sourcery_G++_Lite/bin/../arm-none-linux-gnueabi/libc/usr/lib/crti.o
                0x00016604                _GLOBAL_OFFSET_TABLE_
 *(.got)
 .got           0x00016778        0x4 /home/romar/CodeSourcery/Sourcery_G++_Lite/bin/../arm-none-linux-gnueabi/libc/usr/lib/crti.o

.data           0x0001677c       0x48
                0x0001677c                __data_start = .
 *(.data .data.* .gnu.linkonce.d.*)
 .data          0x0001677c        0x4 /home/romar/CodeSourcery/Sourcery_G++_Lite/bin/../arm-none-linux-gnueabi/libc/usr/lib/crt1.o
                0x0001677c                data_start
 .data          0x00016780        0x0 /home/romar/CodeSourcery/Sourcery_G++_Lite/bin/../arm-none-linux-gnueabi/libc/usr/lib/crti.o
 .data          0x00016780        0x4 /home/romar/CodeSourcery/Sourcery_G++_Lite/bin/../lib/gcc/arm-none-linux-gnueabi/4.3.3/crtbegin.o
                0x00016780                __dso_handle
 .data          0x00016784        0x0 ./ff_writer_engine.o
 .data          0x00016784       0x40 ./ffmpeg_pipeline.o
 .data          0x000167c4        0x0 ./logs.o
 .data          0x000167c4        0x0 ./main.o
 .data          0x000167c4        0x0 ./vars.o
 .data          0x000167c4        0x0 /home/romar/workspace/arlogging/Debug/libarlogging.a(arlogging.o)
 .data          0x000167c4        0x0 /home/romar/ti-ezsdk_dm816x-evm_5_05_01_04/linux-devkit/arm-none-linux-gnueabi/usr/lib/./libc_nonshared.a(elf-init.oS)
 .data          0x000167c4        0x0 /home/romar/CodeSourcery/Sourcery_G++_Lite/bin/../lib/gcc/arm-none-linux-gnueabi/4.3.3/crtend.o
 .data          0x000167c4        0x0 /home/romar/CodeSourcery/Sourcery_G++_Lite/bin/../arm-none-linux-gnueabi/libc/usr/lib/crtn.o

.data1
 *(.data1)
                0x000167c4                _edata = .
                0x000167c4                PROVIDE (edata, .)
                0x000167c4                __bss_start = .
                0x000167c4                __bss_start__ = .

.bss            0x000167c8      0x834
 *(.dynbss)
 .dynbss        0x00000000        0x0 /home/romar/CodeSourcery/Sourcery_G++_Lite/bin/../arm-none-linux-gnueabi/libc/usr/lib/crti.o
 *(.bss .bss.* .gnu.linkonce.b.*)
 .bss           0x000167c8        0x0 /home/romar/CodeSourcery/Sourcery_G++_Lite/bin/../arm-none-linux-gnueabi/libc/usr/lib/crt1.o
 .bss           0x000167c8        0x0 /home/romar/CodeSourcery/Sourcery_G++_Lite/bin/../arm-none-linux-gnueabi/libc/usr/lib/crti.o
 .bss           0x000167c8        0x1 /home/romar/CodeSourcery/Sourcery_G++_Lite/bin/../lib/gcc/arm-none-linux-gnueabi/4.3.3/crtbegin.o
 .bss           0x000167c9        0x1 ./ff_writer_engine.o
 .bss           0x000167ca        0x1 ./ffmpeg_pipeline.o
 .bss           0x000167cb        0x1 ./logs.o
 *fill*         0x000167cc        0x4 00
 .bss           0x000167d0       0x18 ./main.o
                0x000167d8                Memory
                0x000167d0                MainLoop
 .bss           0x000167e8      0x810 ./vars.o
                0x000167e8                str
                0x00016fe8                cfdn
                0x00016fec                Log
                0x00016ff0                Count
 .bss           0x00016ff8        0x1 /home/romar/workspace/arlogging/Debug/libarlogging.a(arlogging.o)
 .bss           0x00016ff9        0x0 /home/romar/ti-ezsdk_dm816x-evm_5_05_01_04/linux-devkit/arm-none-linux-gnueabi/usr/lib/./libc_nonshared.a(elf-init.oS)
 .bss           0x00016ff9        0x0 /home/romar/CodeSourcery/Sourcery_G++_Lite/bin/../lib/gcc/arm-none-linux-gnueabi/4.3.3/crtend.o
 .bss           0x00016ff9        0x0 /home/romar/CodeSourcery/Sourcery_G++_Lite/bin/../arm-none-linux-gnueabi/libc/usr/lib/crtn.o
 *(COMMON)
                0x00016ffc                . = ALIGN ((. != 0x0)?0x4:0x1)
 *fill*         0x00016ff9        0x3 00
                0x00016ffc                _bss_end__ = .
                0x00016ffc                __bss_end__ = .
                0x00016ffc                . = ALIGN (0x4)
                0x00016ffc                . = ALIGN (0x4)
                0x00016ffc                __end__ = .
                0x00016ffc                _end = .
                0x00016ffc                PROVIDE (end, .)
                0x00016ffc                . = DATA_SEGMENT_END (.)

.stab
 *(.stab)

.stabstr
 *(.stabstr)

.stab.excl
 *(.stab.excl)

.stab.exclstr
 *(.stab.exclstr)

.stab.index
 *(.stab.index)

.stab.indexstr
 *(.stab.indexstr)

.ARM.attributes
                0x00000000       0x34
 .ARM.attributes
                0x00000000       0x2d /home/romar/CodeSourcery/Sourcery_G++_Lite/bin/../arm-none-linux-gnueabi/libc/usr/lib/crt1.o
 .ARM.attributes
                0x0000002d       0x31 /home/romar/CodeSourcery/Sourcery_G++_Lite/bin/../arm-none-linux-gnueabi/libc/usr/lib/crti.o
 .ARM.attributes
                0x0000005e       0x31 /home/romar/CodeSourcery/Sourcery_G++_Lite/bin/../lib/gcc/arm-none-linux-gnueabi/4.3.3/crtbegin.o
 .ARM.attributes
                0x0000008f       0x38 ./ff_writer_engine.o
 .ARM.attributes
                0x000000c7       0x38 ./ffmpeg_pipeline.o
 .ARM.attributes
                0x000000ff       0x38 ./logs.o
 .ARM.attributes
                0x00000137       0x38 ./main.o
 .ARM.attributes
                0x0000016f       0x38 ./vars.o
 .ARM.attributes
                0x000001a7       0x38 /home/romar/workspace/arlogging/Debug/libarlogging.a(arlogging.o)
 .ARM.attributes
                0x000001df       0x31 /home/romar/ti-ezsdk_dm816x-evm_5_05_01_04/linux-devkit/arm-none-linux-gnueabi/usr/lib/./libc_nonshared.a(elf-init.oS)
 .ARM.attributes
                0x00000210       0x31 /home/romar/CodeSourcery/Sourcery_G++_Lite/bin/../lib/gcc/arm-none-linux-gnueabi/4.3.3/crtend.o
 .ARM.attributes
                0x00000241       0x31 /home/romar/CodeSourcery/Sourcery_G++_Lite/bin/../arm-none-linux-gnueabi/libc/usr/lib/crtn.o

.comment        0x00000000      0x102
 *(.comment)
 .comment       0x00000000       0x2b ./ff_writer_engine.o
 .comment       0x0000002b       0x2b ./ffmpeg_pipeline.o
 .comment       0x00000056       0x2b ./logs.o
 .comment       0x00000081       0x2b ./main.o
 .comment       0x000000ac       0x2b ./vars.o
 .comment       0x000000d7       0x2b /home/romar/workspace/arlogging/Debug/libarlogging.a(arlogging.o)

.debug
 *(.debug)

.line
 *(.line)

.debug_srcinfo
 *(.debug_srcinfo)

.debug_sfnames
 *(.debug_sfnames)

.debug_aranges  0x00000000      0x178
 *(.debug_aranges)
 .debug_aranges
                0x00000000       0xb0 ./ff_writer_engine.o
 .debug_aranges
                0x000000b0       0x20 ./ffmpeg_pipeline.o
 .debug_aranges
                0x000000d0       0x28 ./logs.o
 .debug_aranges
                0x000000f8       0x20 ./main.o
 .debug_aranges
                0x00000118       0x20 ./vars.o
 .debug_aranges
                0x00000138       0x40 /home/romar/workspace/arlogging/Debug/libarlogging.a(arlogging.o)

.debug_pubnames
                0x00000000      0xff4
 *(.debug_pubnames)
 .debug_pubnames
                0x00000000      0x9ad ./ff_writer_engine.o
 .debug_pubnames
                0x000009ad      0x2a3 ./ffmpeg_pipeline.o
 .debug_pubnames
                0x00000c50       0x63 ./logs.o
 .debug_pubnames
                0x00000cb3       0x33 ./main.o
 .debug_pubnames
                0x00000ce6       0x35 ./vars.o
 .debug_pubnames
                0x00000d1b      0x2d9 /home/romar/workspace/arlogging/Debug/libarlogging.a(arlogging.o)

.debug_info     0x00000000    0x2ab30
 *(.debug_info .gnu.linkonce.wi.*)
 .debug_info    0x00000000     0xadf9 ./ff_writer_engine.o
 .debug_info    0x0000adf9     0x9dba ./ffmpeg_pipeline.o
 .debug_info    0x00014bb3     0x3e61 ./logs.o
 .debug_info    0x00018a14     0x9ddc ./main.o
 .debug_info    0x000227f0     0x3db8 ./vars.o
 .debug_info    0x000265a8     0x4588 /home/romar/workspace/arlogging/Debug/libarlogging.a(arlogging.o)

.debug_abbrev   0x00000000     0x27b4
 *(.debug_abbrev)
 .debug_abbrev  0x00000000      0x773 ./ff_writer_engine.o
 .debug_abbrev  0x00000773      0x739 ./ffmpeg_pipeline.o
 .debug_abbrev  0x00000eac      0x61c ./logs.o
 .debug_abbrev  0x000014c8      0x6d1 ./main.o
 .debug_abbrev  0x00001b99      0x5a8 ./vars.o
 .debug_abbrev  0x00002141      0x673 /home/romar/workspace/arlogging/Debug/libarlogging.a(arlogging.o)

.debug_line     0x00000000     0x6ed2
 *(.debug_line)
 .debug_line    0x00000000     0x1a2f ./ff_writer_engine.o
 .debug_line    0x00001a2f     0x1812 ./ffmpeg_pipeline.o
 .debug_line    0x00003241      0xc2d ./logs.o
 .debug_line    0x00003e6e     0x1702 ./main.o
 .debug_line    0x00005570      0xc03 ./vars.o
 .debug_line    0x00006173      0xd5f /home/romar/workspace/arlogging/Debug/libarlogging.a(arlogging.o)

.debug_frame    0x00000000      0xc5c
 *(.debug_frame)
 .debug_frame   0x00000000      0x4dc ./ff_writer_engine.o
 .debug_frame   0x000004dc      0x320 ./ffmpeg_pipeline.o
 .debug_frame   0x000007fc       0x90 ./logs.o
 .debug_frame   0x0000088c       0x94 ./main.o
 .debug_frame   0x00000920       0x4c ./vars.o
 .debug_frame   0x0000096c      0x2ac /home/romar/workspace/arlogging/Debug/libarlogging.a(arlogging.o)
 .debug_frame   0x00000c18       0x44 /home/romar/ti-ezsdk_dm816x-evm_5_05_01_04/linux-devkit/arm-none-linux-gnueabi/usr/lib/./libc_nonshared.a(elf-init.oS)

.debug_str      0x00000000     0xa1a4
 *(.debug_str)
 .debug_str     0x00000000     0x9b51 ./ff_writer_engine.o
                               0xc075 (size before relaxing)
 .debug_str     0x00009b51      0x185 ./ffmpeg_pipeline.o
                               0xae1d (size before relaxing)
 .debug_str     0x00009cd6       0xb4 ./logs.o
                               0x311d (size before relaxing)
 .debug_str     0x00009d8a       0x5d ./main.o
                               0xb369 (size before relaxing)
 .debug_str     0x00009de7       0x20 ./vars.o
                               0x3071 (size before relaxing)
 .debug_str     0x00009e07      0x39d /home/romar/workspace/arlogging/Debug/libarlogging.a(arlogging.o)
                               0x34d2 (size before relaxing)

.debug_loc      0x00000000     0x13a7
 *(.debug_loc)
 .debug_loc     0x00000000      0x82a ./ff_writer_engine.o
 .debug_loc     0x0000082a      0x52e ./ffmpeg_pipeline.o
 .debug_loc     0x00000d58       0xd2 ./logs.o
 .debug_loc     0x00000e2a       0xd1 ./main.o
 .debug_loc     0x00000efb       0x62 ./vars.o
 .debug_loc     0x00000f5d      0x44a /home/romar/workspace/arlogging/Debug/libarlogging.a(arlogging.o)

.debug_macinfo  0x00000000    0x9179e
 *(.debug_macinfo)
 .debug_macinfo
                0x00000000    0x22c1f ./ff_writer_engine.o
 .debug_macinfo
                0x00022c1f    0x22a2f ./ffmpeg_pipeline.o
 .debug_macinfo
                0x0004564e     0xd640 ./logs.o
 .debug_macinfo
                0x00052c8e    0x2292f ./main.o
 .debug_macinfo
                0x000755bd     0xddde ./vars.o
 .debug_macinfo
                0x0008339b     0xe403 /home/romar/workspace/arlogging/Debug/libarlogging.a(arlogging.o)

.debug_weaknames
 *(.debug_weaknames)

.debug_funcnames
 *(.debug_funcnames)

.debug_typenames
 *(.debug_typenames)

.debug_varnames
 *(.debug_varnames)

.debug_pubtypes
 *(.debug_pubtypes)

.debug_ranges   0x00000000      0x220
 *(.debug_ranges)
 .debug_ranges  0x00000000      0x140 ./ff_writer_engine.o
 .debug_ranges  0x00000140       0x30 ./logs.o
 .debug_ranges  0x00000170       0xb0 /home/romar/workspace/arlogging/Debug/libarlogging.a(arlogging.o)

.gnu.attributes
 *(.gnu.attributes)

.note.gnu.arm.ident
 *(.note.gnu.arm.ident)

/DISCARD/
 *(.note.GNU-stack)
 *(.gnu_debuglink)
OUTPUT(ff_test_mem.elf elf32-littlearm)
